# Incident: incident_20260511_023352 (auto-saved)
# Service: paymentservice
# Timestamp: 2026-05-11T02:33:52.825512
# Lines analysed: 763

## RCA Analysis
Based on the provided logs, the analysis is as follows:

1. **Root cause of any failures or anomalies**: The root cause of the failures and anomalies in the logs appears to be the `OOMKilled` error, which indicates that the container running the `paymentservice` was killed due to out-of-memory issues. This suggests that the `paymentservice` is experiencing memory leaks or is not properly configured to handle the load, leading to memory exhaustion.

2. **Sequence of events leading to failure**: The sequence of events leading to the failure is as follows:
   - The `paymentservice` starts and completes its warm-up.
   - The `frontend` service begins to experience degraded upstream calls to the `paymentservice`, indicated by increasing latency.
   - The `paymentservice` container is killed due to out-of-memory issues (`OOMKilled` error).
   - The pod is restarted, but the issue persists, leading to repeated `OOMKilled` errors and pod restarts.

3. **Affected services and impact**: The affected services are the `paymentservice` and the `frontend` service. The impact is that the `frontend` service is experiencing errors and degraded performance due to the unavailability of the `paymentservice`, which is being repeatedly restarted due to out-of-memory issues.

4. **Recommended remediation steps**: To address the issue, the following steps are recommended:
   - Investigate and address the memory leak or configuration issue in the `paymentservice` to prevent out-of-memory errors.
   - Consider increasing the memory allocation for the `paymentservice` container to prevent `OOMKilled` errors.
   - Implement monitoring and alerting to detect memory usage issues in the `paymentservice` before they lead to failures.
   - Review the load and scaling configuration for the `paymentservice` to ensure it can handle the expected load without running out of memory.

CONFIDENCE: 90% REASON: The logs provide a clear picture of the `OOMKilled` error causing the `paymentservice` container to be killed and restarted, leading to degraded performance and errors in the `frontend` service, but some additional log context or system metrics could further confirm the root cause and extent of the issue.

## Log Sample (first 50 lines)
2024-03-15T00:00:07Z [INFO]  [paymentservice] Warmup complete
2024-03-15T00:01:40Z [WARN]  [frontend] upstream call degraded via paymentservice latency_ms=200
2024-03-15T00:01:40Z [ERROR] [paymentservice] OOMKilled: container killed by out-of-memory
2024-03-15T00:01:40Z [WARNING] [paymentservice] pod restarted, reason=OOMKilled
2024-03-15T00:01:40Z [ERROR] [frontend] Error at payment page: paymentservice unavailable
2024-03-15T00:01:47Z [INFO]  [paymentservice] request handled; status=200 latency_ms=17
2024-03-15T00:01:57Z [WARN]  [frontend] upstream call degraded via paymentservice latency_ms=217
2024-03-15T00:01:59Z [INFO]  [paymentservice] request handled; status=200 latency_ms=29
2024-03-15T00:02:11Z [INFO]  [paymentservice] request handled; status=200 latency_ms=41
2024-03-15T00:02:14Z [WARN]  [frontend] upstream call degraded via paymentservice latency_ms=234
2024-03-15T00:02:23Z [INFO]  [paymentservice] request handled; status=200 latency_ms=53
2024-03-15T00:02:31Z [WARN]  [frontend] upstream call degraded via paymentservice latency_ms=251
2024-03-15T00:02:35Z [INFO]  [paymentservice] request handled; status=200 latency_ms=15
2024-03-15T00:02:47Z [INFO]  [paymentservice] request handled; status=200 latency_ms=27
2024-03-15T00:02:48Z [WARN]  [frontend] upstream call degraded via paymentservice latency_ms=268
2024-03-15T00:02:59Z [INFO]  [paymentservice] request handled; status=200 latency_ms=39
2024-03-15T00:03:05Z [WARN]  [frontend] upstream call degraded via paymentservice latency_ms=285
2024-03-15T00:03:11Z [INFO]  [paymentservice] request handled; status=200 latency_ms=51
2024-03-15T00:03:22Z [WARN]  [frontend] upstream call degraded via paymentservice latency_ms=302
2024-03-15T00:03:23Z [INFO]  [paymentservice] request handled; status=200 latency_ms=13
2024-03-15T00:03:33Z [ERROR] [paymentservice] OOMKilled: container killed by out-of-memory
2024-03-15T00:03:33Z [WARNING] [paymentservice] pod restarted, reason=OOMKilled
2024-03-15T00:03:33Z [ERROR] [frontend] Error at payment page: paymentservice unavailable
2024-03-15T00:03:35Z [INFO]  [paymentservice] request handled; status=200 latency_ms=25
2024-03-15T00:03:39Z [WARN]  [frontend] upstream call degraded via paymentservice latency_ms=319
2024-03-15T00:03:47Z [INFO]  [paymentservice] request handled; status=200 latency_ms=37
2024-03-15T00:03:56Z [WARN]  [frontend] upstream call degraded via paymentservice latency_ms=336
2024-03-15T00:03:59Z [INFO]  [paymentservice] request handled; status=200 latency_ms=49
2024-03-15T00:04:11Z [INFO]  [paymentservice] request handled; status=200 latency_ms=11
2024-03-15T00:04:13Z [WARN]  [frontend] upstream call degraded via paymentservice latency_ms=353
2024-03-15T00:04:23Z [INFO]  [paymentservice] request handled; status=200 latency_ms=23
2024-03-15T00:04:30Z [WARN]  [frontend] upstream call degraded via paymentservice latency_ms=370
2024-03-15T00:04:35Z [INFO]  [paymentservice] request handled; status=200 latency_ms=35
2024-03-15T00:04:47Z [INFO]  [paymentservice] request handled; status=200 latency_ms=47
2024-03-15T00:04:47Z [WARN]  [frontend] upstream call degraded via paymentservice latency_ms=387
2024-03-15T00:04:59Z [INFO]  [paymentservice] request handled; status=200 latency_ms=59
2024-03-15T00:05:04Z [WARN]  [frontend] upstream call degraded via paymentservice latency_ms=404
2024-03-15T00:05:11Z [INFO]  [paymentservice] request handled; status=200 latency_ms=21
2024-03-15T00:05:21Z [WARN]  [frontend] upstream call degraded via paymentservice latency_ms=421
2024-03-15T00:05:23Z [INFO]  [paymentservice] request handled; status=200 latency_ms=33
2024-03-15T00:05:26Z [ERROR] [paymentservice] OOMKilled: container killed by out-of-memory
2024-03-15T00:05:26Z [WARNING] [paymentservice] pod restarted, reason=OOMKilled
2024-03-15T00:05:26Z [ERROR] [frontend] Error at payment page: paymentservice unavailable
2024-03-15T00:05:35Z [INFO]  [paymentservice] request handled; status=200 latency_ms=45
2024-03-15T00:05:38Z [WARN]  [frontend] upstream call degraded via paymentservice latency_ms=438
2024-03-15T00:05:47Z [INFO]  [paymentservice] request handled; status=200 latency_ms=57
2024-03-15T00:05:55Z [WARN]  [frontend] upstream call degraded via paymentservice latency_ms=455
2024-03-15T00:05:59Z [INFO]  [paymentservice] request handled; status=200 latency_ms=19
2024-03-15T00:06:11Z [INFO]  [paymentservice] request handled; status=200 latency_ms=31
2024-03-15T00:06:12Z [WARN]  [frontend] upstream call degraded via paymentservice latency_ms=472